###############################################################################
#
# IAR ELF Linker V7.50.2.10312/W32 for ARM                14/Jan/2017  18:52:47
# Copyright 2007-2015 IAR Systems AB.
#
#    Output file  =  
#        C:\Users\LAARIBI\Downloads\Compressed\STM32Cube_FW_F1_V1.4.0\Projects\STM32F103RB-Nucleo\TEST\EWARM\STM32F103RB_Nucleo\Exe\Project.out
#    Map file     =  
#        C:\Users\LAARIBI\Downloads\Compressed\STM32Cube_FW_F1_V1.4.0\Projects\STM32F103RB-Nucleo\TEST\EWARM\STM32F103RB_Nucleo\List\Project.map
#    Command line =  
#        C:\Users\LAARIBI\Downloads\Compressed\STM32Cube_FW_F1_V1.4.0\Projects\STM32F103RB-Nucleo\TEST\EWARM\STM32F103RB_Nucleo\Obj\GPS.o
#        C:\Users\LAARIBI\Downloads\Compressed\STM32Cube_FW_F1_V1.4.0\Projects\STM32F103RB-Nucleo\TEST\EWARM\STM32F103RB_Nucleo\Obj\GSM.o
#        C:\Users\LAARIBI\Downloads\Compressed\STM32Cube_FW_F1_V1.4.0\Projects\STM32F103RB-Nucleo\TEST\EWARM\STM32F103RB_Nucleo\Obj\machine.o
#        C:\Users\LAARIBI\Downloads\Compressed\STM32Cube_FW_F1_V1.4.0\Projects\STM32F103RB-Nucleo\TEST\EWARM\STM32F103RB_Nucleo\Obj\main.o
#        C:\Users\LAARIBI\Downloads\Compressed\STM32Cube_FW_F1_V1.4.0\Projects\STM32F103RB-Nucleo\TEST\EWARM\STM32F103RB_Nucleo\Obj\st7735.o
#        C:\Users\LAARIBI\Downloads\Compressed\STM32Cube_FW_F1_V1.4.0\Projects\STM32F103RB-Nucleo\TEST\EWARM\STM32F103RB_Nucleo\Obj\startup_stm32f103xb.o
#        C:\Users\LAARIBI\Downloads\Compressed\STM32Cube_FW_F1_V1.4.0\Projects\STM32F103RB-Nucleo\TEST\EWARM\STM32F103RB_Nucleo\Obj\stm32_adafruit_lcd.o
#        C:\Users\LAARIBI\Downloads\Compressed\STM32Cube_FW_F1_V1.4.0\Projects\STM32F103RB-Nucleo\TEST\EWARM\STM32F103RB_Nucleo\Obj\stm32f103xC_GPS_project_callbaks.o
#        C:\Users\LAARIBI\Downloads\Compressed\STM32Cube_FW_F1_V1.4.0\Projects\STM32F103RB-Nucleo\TEST\EWARM\STM32F103RB_Nucleo\Obj\stm32f103xC_GPS_project_configs.o
#        C:\Users\LAARIBI\Downloads\Compressed\STM32Cube_FW_F1_V1.4.0\Projects\STM32F103RB-Nucleo\TEST\EWARM\STM32F103RB_Nucleo\Obj\stm32f103xC_GPS_project_handlers.o
#        C:\Users\LAARIBI\Downloads\Compressed\STM32Cube_FW_F1_V1.4.0\Projects\STM32F103RB-Nucleo\TEST\EWARM\STM32F103RB_Nucleo\Obj\stm32f1xx_hal.o
#        C:\Users\LAARIBI\Downloads\Compressed\STM32Cube_FW_F1_V1.4.0\Projects\STM32F103RB-Nucleo\TEST\EWARM\STM32F103RB_Nucleo\Obj\stm32f1xx_hal_cortex.o
#        C:\Users\LAARIBI\Downloads\Compressed\STM32Cube_FW_F1_V1.4.0\Projects\STM32F103RB-Nucleo\TEST\EWARM\STM32F103RB_Nucleo\Obj\stm32f1xx_hal_crc.o
#        C:\Users\LAARIBI\Downloads\Compressed\STM32Cube_FW_F1_V1.4.0\Projects\STM32F103RB-Nucleo\TEST\EWARM\STM32F103RB_Nucleo\Obj\stm32f1xx_hal_dma.o
#        C:\Users\LAARIBI\Downloads\Compressed\STM32Cube_FW_F1_V1.4.0\Projects\STM32F103RB-Nucleo\TEST\EWARM\STM32F103RB_Nucleo\Obj\stm32f1xx_hal_flash.o
#        C:\Users\LAARIBI\Downloads\Compressed\STM32Cube_FW_F1_V1.4.0\Projects\STM32F103RB-Nucleo\TEST\EWARM\STM32F103RB_Nucleo\Obj\stm32f1xx_hal_flash_ex.o
#        C:\Users\LAARIBI\Downloads\Compressed\STM32Cube_FW_F1_V1.4.0\Projects\STM32F103RB-Nucleo\TEST\EWARM\STM32F103RB_Nucleo\Obj\stm32f1xx_hal_gpio.o
#        C:\Users\LAARIBI\Downloads\Compressed\STM32Cube_FW_F1_V1.4.0\Projects\STM32F103RB-Nucleo\TEST\EWARM\STM32F103RB_Nucleo\Obj\stm32f1xx_hal_gpio_ex.o
#        C:\Users\LAARIBI\Downloads\Compressed\STM32Cube_FW_F1_V1.4.0\Projects\STM32F103RB-Nucleo\TEST\EWARM\STM32F103RB_Nucleo\Obj\stm32f1xx_hal_msp.o
#        C:\Users\LAARIBI\Downloads\Compressed\STM32Cube_FW_F1_V1.4.0\Projects\STM32F103RB-Nucleo\TEST\EWARM\STM32F103RB_Nucleo\Obj\stm32f1xx_hal_pcd.o
#        C:\Users\LAARIBI\Downloads\Compressed\STM32Cube_FW_F1_V1.4.0\Projects\STM32F103RB-Nucleo\TEST\EWARM\STM32F103RB_Nucleo\Obj\stm32f1xx_hal_pcd_ex.o
#        C:\Users\LAARIBI\Downloads\Compressed\STM32Cube_FW_F1_V1.4.0\Projects\STM32F103RB-Nucleo\TEST\EWARM\STM32F103RB_Nucleo\Obj\stm32f1xx_hal_rcc.o
#        C:\Users\LAARIBI\Downloads\Compressed\STM32Cube_FW_F1_V1.4.0\Projects\STM32F103RB-Nucleo\TEST\EWARM\STM32F103RB_Nucleo\Obj\stm32f1xx_hal_rcc_ex.o
#        C:\Users\LAARIBI\Downloads\Compressed\STM32Cube_FW_F1_V1.4.0\Projects\STM32F103RB-Nucleo\TEST\EWARM\STM32F103RB_Nucleo\Obj\stm32f1xx_hal_smartcard.o
#        C:\Users\LAARIBI\Downloads\Compressed\STM32Cube_FW_F1_V1.4.0\Projects\STM32F103RB-Nucleo\TEST\EWARM\STM32F103RB_Nucleo\Obj\stm32f1xx_hal_tim.o
#        C:\Users\LAARIBI\Downloads\Compressed\STM32Cube_FW_F1_V1.4.0\Projects\STM32F103RB-Nucleo\TEST\EWARM\STM32F103RB_Nucleo\Obj\stm32f1xx_hal_tim_ex.o
#        C:\Users\LAARIBI\Downloads\Compressed\STM32Cube_FW_F1_V1.4.0\Projects\STM32F103RB-Nucleo\TEST\EWARM\STM32F103RB_Nucleo\Obj\stm32f1xx_hal_uart.o
#        C:\Users\LAARIBI\Downloads\Compressed\STM32Cube_FW_F1_V1.4.0\Projects\STM32F103RB-Nucleo\TEST\EWARM\STM32F103RB_Nucleo\Obj\stm32f1xx_hal_usart.o
#        C:\Users\LAARIBI\Downloads\Compressed\STM32Cube_FW_F1_V1.4.0\Projects\STM32F103RB-Nucleo\TEST\EWARM\STM32F103RB_Nucleo\Obj\stm32f1xx_it.o
#        C:\Users\LAARIBI\Downloads\Compressed\STM32Cube_FW_F1_V1.4.0\Projects\STM32F103RB-Nucleo\TEST\EWARM\STM32F103RB_Nucleo\Obj\stm32f1xx_ll_fsmc.o
#        C:\Users\LAARIBI\Downloads\Compressed\STM32Cube_FW_F1_V1.4.0\Projects\STM32F103RB-Nucleo\TEST\EWARM\STM32F103RB_Nucleo\Obj\stm32f1xx_ll_sdmmc.o
#        C:\Users\LAARIBI\Downloads\Compressed\STM32Cube_FW_F1_V1.4.0\Projects\STM32F103RB-Nucleo\TEST\EWARM\STM32F103RB_Nucleo\Obj\stm32f1xx_ll_usb.o
#        C:\Users\LAARIBI\Downloads\Compressed\STM32Cube_FW_F1_V1.4.0\Projects\STM32F103RB-Nucleo\TEST\EWARM\STM32F103RB_Nucleo\Obj\stm32f1xx_nucleo.o
#        C:\Users\LAARIBI\Downloads\Compressed\STM32Cube_FW_F1_V1.4.0\Projects\STM32F103RB-Nucleo\TEST\EWARM\STM32F103RB_Nucleo\Obj\system_stm32f1xx.o
#        C:\Users\LAARIBI\Downloads\Compressed\STM32Cube_FW_F1_V1.4.0\Projects\STM32F103RB-Nucleo\TEST\EWARM\STM32F103RB_Nucleo\Obj\usb_device.o
#        C:\Users\LAARIBI\Downloads\Compressed\STM32Cube_FW_F1_V1.4.0\Projects\STM32F103RB-Nucleo\TEST\EWARM\STM32F103RB_Nucleo\Obj\usbd_cdc.o
#        C:\Users\LAARIBI\Downloads\Compressed\STM32Cube_FW_F1_V1.4.0\Projects\STM32F103RB-Nucleo\TEST\EWARM\STM32F103RB_Nucleo\Obj\usbd_cdc_if.o
#        C:\Users\LAARIBI\Downloads\Compressed\STM32Cube_FW_F1_V1.4.0\Projects\STM32F103RB-Nucleo\TEST\EWARM\STM32F103RB_Nucleo\Obj\usbd_conf.o
#        C:\Users\LAARIBI\Downloads\Compressed\STM32Cube_FW_F1_V1.4.0\Projects\STM32F103RB-Nucleo\TEST\EWARM\STM32F103RB_Nucleo\Obj\usbd_core.o
#        C:\Users\LAARIBI\Downloads\Compressed\STM32Cube_FW_F1_V1.4.0\Projects\STM32F103RB-Nucleo\TEST\EWARM\STM32F103RB_Nucleo\Obj\usbd_ctlreq.o
#        C:\Users\LAARIBI\Downloads\Compressed\STM32Cube_FW_F1_V1.4.0\Projects\STM32F103RB-Nucleo\TEST\EWARM\STM32F103RB_Nucleo\Obj\usbd_desc.o
#        C:\Users\LAARIBI\Downloads\Compressed\STM32Cube_FW_F1_V1.4.0\Projects\STM32F103RB-Nucleo\TEST\EWARM\STM32F103RB_Nucleo\Obj\usbd_ioreq.o
#        --redirect _Printf=_PrintfSmall --redirect _Scanf=_ScanfSmall -o
#        C:\Users\LAARIBI\Downloads\Compressed\STM32Cube_FW_F1_V1.4.0\Projects\STM32F103RB-Nucleo\TEST\EWARM\STM32F103RB_Nucleo\Exe\Project.out
#        --map
#        C:\Users\LAARIBI\Downloads\Compressed\STM32Cube_FW_F1_V1.4.0\Projects\STM32F103RB-Nucleo\TEST\EWARM\STM32F103RB_Nucleo\List\Project.map
#        --config
#        C:\Users\LAARIBI\Downloads\Compressed\STM32Cube_FW_F1_V1.4.0\Projects\STM32F103RB-Nucleo\TEST\EWARM\stm32f103xb_flash.icf
#        --semihosting --entry __iar_program_start --vfe
#
###############################################################################

*******************************************************************************
*** RUNTIME MODEL ATTRIBUTES
***

CppFlavor                     = *
__Heap_Handler                = Basic
__SystemLibrary               = DLib
__dlib_dynamic_initialization = normal


*******************************************************************************
*** PLACEMENT SUMMARY
***

"A1":  place at 0x08000000 { ro section .intvec };
"P1":  place in [from 0x08000000 to 0x0801ffff] { ro };
"P2":  place in [from 0x20000000 to 0x20004fff] { rw, block CSTACK, block HEAP };

  Section             Kind        Address    Size  Object
  -------             ----        -------    ----  ------
"A1":                                        0xec
  .intvec             ro code  0x08000000    0xec  startup_stm32f103xb.o [1]
                             - 0x080000ec    0xec

"P1":                                      0x3ba8
  .text               ro code  0x080000ec   0x7c4  xprintfsmall.o [3]
  .text               ro code  0x080008b0    0x20  xmbtowc.o [3]
  .text               ro code  0x080008d0    0x16  strchr.o [5]
  .text               ro code  0x080008e6    0x76  lz77_init_single.o [5]
  .text               ro code  0x0800095c    0x36  strlen.o [5]
  .text               ro code  0x08000992     0xa  xsprout.o [3]
  .text               ro code  0x0800099c    0x58  memchr.o [5]
  .text               ro code  0x080009f4     0xa  xmbcurmax.o [3]
  .text               ro code  0x08000a00    0xb0  xxmemxmalloc.o [3]
  .text               ro code  0x08000ab0    0x1a  xwctomb.o [3]
  .text               ro code  0x08000acc    0x76  ABImemcpy_unaligned.o [5]
  .text               ro code  0x08000b44    0x80  xxmemxfree.o [3]
  .text               ro code  0x08000bc4    0x14  setlocale.o [3]
  .text               ro code  0x08000bd8    0x60  xencoding_sb.o [3]
  .text               ro code  0x08000c38    0x2c  xgetmemchunk.o [3]
  .text               ro code  0x08000c64     0x2  xtls.o [3]
  .text               ro code  0x08000c66   0x67a  stm32f1xx_hal_pcd.o [1]
  .text               ro code  0x080012e0   0x238  usbd_conf.o [1]
  .text               ro code  0x08001518   0x634  stm32f1xx_ll_usb.o [1]
  .text               ro code  0x08001b4c    0xe2  stm32f1xx_hal_cortex.o [1]
  .text               ro code  0x08001c2e   0x236  usbd_core.o [1]
  .text               ro code  0x08001e64     0x2  stm32f103xC_GPS_project_handlers.o [1]
  .text               ro code  0x08001e66    0x32  stm32f1xx_hal_pcd_ex.o [1]
  .text               ro code  0x08001e98   0x3b2  usbd_ctlreq.o [1]
  .text               ro code  0x0800224a    0x60  usbd_ioreq.o [1]
  .text               ro code  0x080022ac   0x4a2  stm32f1xx_hal_rcc.o [1]
  .text               ro code  0x08002750    0x74  stm32f1xx_hal.o [1]
  .text               ro code  0x080027c4   0x114  stm32f1xx_hal_msp.o [1]
  .text               ro code  0x080028d8   0x1bc  stm32f1xx_hal_gpio.o [1]
  .text               ro code  0x08002a94   0x490  GSM.o [1]
  .text               ro code  0x08002f24   0x3c8  stm32f1xx_hal_uart.o [1]
  .text               ro code  0x080032ec     0x6  ABImemclr.o [5]
  .text               ro code  0x080032f4    0x42  strcmp_unaligned.o [5]
  .text               ro code  0x08003338    0x34  sprintf.o [3]
  .text               ro code  0x0800336c    0x38  stm32f103xC_GPS_project_callbaks.o [1]
  .text               ro code  0x080033a4    0x5e  ABImemset.o [5]
  .text               ro code  0x08003404    0x10  GPS.o [1]
  .text               ro code  0x08003414   0x230  usbd_cdc.o [1]
  .text               ro code  0x08003644    0xc8  stm32f1xx_hal_rcc_ex.o [1]
  .text               ro code  0x0800370c    0xb0  usbd_desc.o [1]
  .text               ro code  0x080037bc    0x8e  stm32f103xC_GPS_project_configs.o [1]
  .text               ro code  0x0800384c    0x6c  usbd_cdc_if.o [1]
  .text               ro code  0x080038b8    0x60  main.o [1]
  .text               ro code  0x08003918    0x10  machine.o [1]
  .text               ro code  0x08003928    0x38  usb_device.o [1]
  .text               ro code  0x08003960    0x60  stm32f1xx_it.o [1]
  .text               ro code  0x080039c0    0x5c  system_stm32f1xx.o [1]
  .text               ro code  0x08003a1c    0x40  zero_init3.o [5]
  .text               ro code  0x08003a5c    0x28  data_init.o [5]
  .iar.init_table     const    0x08003a84    0x20  - Linker created -
  .text               ro code  0x08003aa4    0x1a  cmain.o [5]
  .text               ro code  0x08003abe     0x4  low_level_init.o [3]
  .text               ro code  0x08003ac2     0x4  exit.o [3]
  .text               ro code  0x08003ac8     0xa  cexit.o [5]
  .text               ro code  0x08003ad4    0x14  exit.o [6]
  .text               ro code  0x08003ae8    0x10  startup_stm32f103xb.o [1]
  .text               ro code  0x08003af8     0xc  cstartup_M.o [5]
  .rodata             const    0x08003b04     0x8  system_stm32f1xx.o [1]
  .text               ro code  0x08003b0c     0x4  startup_stm32f103xb.o [1]
  .text               ro code  0x08003b10     0x4  startup_stm32f103xb.o [1]
  .text               ro code  0x08003b14     0x4  startup_stm32f103xb.o [1]
  .text               ro code  0x08003b18     0x4  startup_stm32f103xb.o [1]
  .text               ro code  0x08003b1c     0x4  startup_stm32f103xb.o [1]
  .text               ro code  0x08003b20     0x4  startup_stm32f103xb.o [1]
  .text               ro code  0x08003b24     0x4  startup_stm32f103xb.o [1]
  .text               ro code  0x08003b28     0x4  startup_stm32f103xb.o [1]
  .text               ro code  0x08003b2c     0x4  startup_stm32f103xb.o [1]
  .text               ro code  0x08003b30     0x4  startup_stm32f103xb.o [1]
  .text               ro code  0x08003b34     0x4  startup_stm32f103xb.o [1]
  .text               ro code  0x08003b38     0x4  startup_stm32f103xb.o [1]
  .text               ro code  0x08003b3c     0x4  startup_stm32f103xb.o [1]
  .text               ro code  0x08003b40     0x4  startup_stm32f103xb.o [1]
  .text               ro code  0x08003b44     0x4  startup_stm32f103xb.o [1]
  .text               ro code  0x08003b48     0x4  startup_stm32f103xb.o [1]
  .text               ro code  0x08003b4c     0x4  startup_stm32f103xb.o [1]
  .text               ro code  0x08003b50     0x4  startup_stm32f103xb.o [1]
  .text               ro code  0x08003b54     0x4  startup_stm32f103xb.o [1]
  .text               ro code  0x08003b58     0x4  startup_stm32f103xb.o [1]
  .text               ro code  0x08003b5c     0x4  startup_stm32f103xb.o [1]
  .text               ro code  0x08003b60     0x4  startup_stm32f103xb.o [1]
  .text               ro code  0x08003b64     0x4  startup_stm32f103xb.o [1]
  .text               ro code  0x08003b68     0x4  startup_stm32f103xb.o [1]
  .text               ro code  0x08003b6c     0x4  startup_stm32f103xb.o [1]
  .text               ro code  0x08003b70     0x4  startup_stm32f103xb.o [1]
  .text               ro code  0x08003b74     0x4  startup_stm32f103xb.o [1]
  .text               ro code  0x08003b78     0x4  startup_stm32f103xb.o [1]
  .text               ro code  0x08003b7c     0x4  startup_stm32f103xb.o [1]
  .text               ro code  0x08003b80     0x4  startup_stm32f103xb.o [1]
  .text               ro code  0x08003b84     0x4  startup_stm32f103xb.o [1]
  .text               ro code  0x08003b88     0x4  startup_stm32f103xb.o [1]
  .text               ro code  0x08003b8c     0x4  startup_stm32f103xb.o [1]
  .text               ro code  0x08003b90     0x4  startup_stm32f103xb.o [1]
  .text               ro code  0x08003b94     0x4  startup_stm32f103xb.o [1]
  .text               ro code  0x08003b98     0x4  startup_stm32f103xb.o [1]
  .text               ro code  0x08003b9c     0x4  startup_stm32f103xb.o [1]
  .text               ro code  0x08003ba0     0x4  startup_stm32f103xb.o [1]
  .text               ro code  0x08003ba4     0x4  startup_stm32f103xb.o [1]
  .text               ro code  0x08003ba8     0x4  startup_stm32f103xb.o [1]
  .text               ro code  0x08003bac     0x4  startup_stm32f103xb.o [1]
  .text               ro code  0x08003bb0     0x4  startup_stm32f103xb.o [1]
  .text               ro code  0x08003bb4     0x4  startup_stm32f103xb.o [1]
  .text               ro code  0x08003bb8     0x4  startup_stm32f103xb.o [1]
  .text               ro code  0x08003bbc     0x4  startup_stm32f103xb.o [1]
  .text               ro code  0x08003bc0     0x4  startup_stm32f103xb.o [1]
  .rodata             const    0x08003bc4     0x0  zero_init3.o [5]
  .rodata             const    0x08003bc4     0x0  lz77_init_single.o [5]
  Initializer bytes   const    0x08003bc4    0xd0  <for P2-1>
                             - 0x08003c94  0x3ba8

"P2", part 1 of 3:                          0x1cc
  P2-1                         0x20000000   0x1cc  <Init block>
    .data             inited   0x20000000     0x4  system_stm32f1xx.o [1]
    .data             inited   0x20000004     0xc  usbd_cdc.o [1]
    .data             inited   0x20000010    0x38  usbd_cdc.o [1]
    .data             inited   0x20000048    0x44  usbd_cdc.o [1]
    .data             inited   0x2000008c    0x44  usbd_cdc.o [1]
    .data             inited   0x200000d0    0x44  usbd_cdc.o [1]
    .data             inited   0x20000114    0x10  usbd_cdc_if.o [1]
    .data             inited   0x20000124    0x1c  usbd_desc.o [1]
    .data             inited   0x20000140    0x14  usbd_desc.o [1]
    .data             inited   0x20000154     0x4  usbd_desc.o [1]
    __DLIB_PERTHREAD  inited   0x20000158    0x74  setlocale.o [3]
                             - 0x200001cc   0x1cc

"P2", part 2 of 3:                          0x600
  CSTACK                       0x200001d0   0x400  <Block>
    CSTACK            uninit   0x200001d0   0x400  <Block tail>
  HEAP                         0x200005d0   0x200  <Block>
    HEAP              uninit   0x200005d0   0x200  <Block tail>
                             - 0x200007d0   0x600

"P2", part 3 of 3:                         0x1888
  .bss                zero     0x200007d0   0xbb8  main.o [1]
  .bss                zero     0x20001388   0x420  usbd_conf.o [1]
  .bss                zero     0x200017a8   0x224  usb_device.o [1]
  .bss                zero     0x200019cc   0x220  usbd_conf.o [1]
  .bss                zero     0x20001bec   0x200  usbd_desc.o [1]
  .bss                zero     0x20001dec   0x158  main.o [1]
  .bss                zero     0x20001f44    0x80  usbd_cdc_if.o [1]
  .bss                zero     0x20001fc4    0x40  main.o [1]
  .bss                zero     0x20002004    0x40  main.o [1]
  .bss                zero     0x20002044     0x8  xxmemxmalloc.o [3]
  .bss                zero     0x2000204c     0x4  stm32f1xx_hal.o [1]
  .bss                zero     0x20002050     0x4  xgetmemchunk.o [3]
  .bss                zero     0x20002054     0x1  usbd_cdc.o [1]
  .bss                zero     0x20002055     0x1  usbd_ctlreq.o [1]
                             - 0x20002056  0x1886


*******************************************************************************
*** INIT TABLE
***

          Address     Size
          -------     ----
Zero (__iar_zero_init3)
    1 destination range, total size 0x1886:
          0x200007d0  0x1886

Copy/lz77 (__iar_lz77_init_single3)
    1 source range, total size 0xd0 (45% of destination):
          0x08003bc4    0xd0
    1 destination range, total size 0x1cc:
          0x20000000   0x1cc



*******************************************************************************
*** MODULE SUMMARY
***

    Module                              ro code  ro data  rw data
    ------                              -------  -------  -------
C:\Users\LAARIBI\Downloads\Compressed\STM32Cube_FW_F1_V1.4.0\Projects\STM32F103RB-Nucleo\TEST\EWARM\STM32F103RB_Nucleo\Obj: [1]
    GPS.o                                    16
    GSM.o                                 1 168
    machine.o                                16
    main.o                                   96             3 472
    startup_stm32f103xb.o                   436
    stm32f103xC_GPS_project_callbaks.o       56
    stm32f103xC_GPS_project_configs.o       142
    stm32f103xC_GPS_project_handlers.o        2
    stm32f1xx_hal.o                         116                 4
    stm32f1xx_hal_cortex.o                  226
    stm32f1xx_hal_gpio.o                    444
    stm32f1xx_hal_msp.o                     276
    stm32f1xx_hal_pcd.o                   1 658
    stm32f1xx_hal_pcd_ex.o                   50
    stm32f1xx_hal_rcc.o                   1 186
    stm32f1xx_hal_rcc_ex.o                  200
    stm32f1xx_hal_uart.o                    968
    stm32f1xx_it.o                           96
    stm32f1xx_ll_usb.o                    1 588
    system_stm32f1xx.o                       92        9        4
    usb_device.o                             56               548
    usbd_cdc.o                              560      123      273
    usbd_cdc_if.o                           108        8      144
    usbd_conf.o                             568             1 600
    usbd_core.o                             566
    usbd_ctlreq.o                           946                 1
    usbd_desc.o                             176       23      564
    usbd_ioreq.o                             96
    -------------------------------------------------------------
    Total:                               11 908      163    6 610

command line: [2]
    -------------------------------------------------------------
    Total:

dl7M_tlf.a: [3]
    exit.o                                    4
    low_level_init.o                          4
    setlocale.o                              20       53      116
    sprintf.o                                52
    xencoding_sb.o                           96
    xgetmemchunk.o                           44                 4
    xmbcurmax.o                              10
    xmbtowc.o                                32
    xprintfsmall.o                        1 988
    xsprout.o                                10
    xtls.o                                    2
    xwctomb.o                                26
    xxmemxfree.o                            128
    xxmemxmalloc.o                          176                 8
    -------------------------------------------------------------
    Total:                                2 592       53      128

m7M_tl.a: [4]
    -------------------------------------------------------------
    Total:

rt7M_tl.a: [5]
    ABImemclr.o                               6
    ABImemcpy_unaligned.o                   118
    ABImemset.o                              94
    cexit.o                                  10
    cmain.o                                  26
    cstartup_M.o                             12
    data_init.o                              40
    lz77_init_single.o                      118
    memchr.o                                 88
    strchr.o                                 22
    strcmp_unaligned.o                       66
    strlen.o                                 54
    zero_init3.o                             64
    -------------------------------------------------------------
    Total:                                  718

shb_l.a: [6]
    exit.o                                   20
    -------------------------------------------------------------
    Total:                                   20

    Gaps                                     22
    Linker created                                    32    1 536
-----------------------------------------------------------------
    Grand Total:                         15 260      248    8 274


*******************************************************************************
*** ENTRY LIST
***

Entry                      Address   Size  Type      Object
-----                      -------   ----  ----      ------
.iar.init_table$$Base   0x08003a84          --   Gb  - Linker created -
.iar.init_table$$Limit  0x08003aa4          --   Gb  - Linker created -
?main                   0x08003aa5         Code  Gb  cmain.o [5]
AHBPrescTable           0x08003a0c   0x10  Data  Gb  system_stm32f1xx.o [1]
APBPrescTable           0x08003b04    0x8  Data  Gb  system_stm32f1xx.o [1]
CDC_Control_FS          0x0800386f    0x4  Code  Lc  usbd_cdc_if.o [1]
CDC_DeInit_FS           0x0800386b    0x4  Code  Lc  usbd_cdc_if.o [1]
CDC_Init_FS             0x0800384d   0x1e  Code  Lc  usbd_cdc_if.o [1]
CDC_Receive_FS          0x08003873   0x16  Code  Lc  usbd_cdc_if.o [1]
CDC_Transmit_FS         0x08003889   0x26  Code  Gb  usbd_cdc_if.o [1]
CSTACK$$Base            0x200001d0          --   Gb  - Linker created -
CSTACK$$Limit           0x200005d0          --   Gb  - Linker created -
ClearBufferRxGPS        0x08003405    0x8  Code  Gb  GPS.o [1]
ClearBufferRxGSM        0x08002c6b    0x8  Code  Gb  GSM.o [1]
Error_Handler           0x08001e65    0x2  Code  Gb  stm32f103xC_GPS_project_handlers.o [1]
FS_Desc                 0x20000124   0x1c  Data  Gb  usbd_desc.o [1]
GPS_UART_HANDLE         0x20002004   0x40  Data  Gb  main.o [1]
GSM_HttpRequest         0x08002ccd   0xf4  Code  Gb  GSM.o [1]
GSM_Init                0x08002a95  0x132  Code  Gb  GSM.o [1]
GSM_Pwr_Off             0x08002c0d   0x2e  Code  Gb  GSM.o [1]
GSM_Pwr_On              0x08002bd5   0x30  Code  Gb  GSM.o [1]
GSM_Reset               0x08002c57   0x14  Code  Gb  GSM.o [1]
GSM_UART_HANDLE         0x20001fc4   0x40  Data  Gb  main.o [1]
HAL_Delay               0x080027a5   0x18  Code  Wk  stm32f1xx_hal.o [1]
HAL_GPIO_Init           0x080028d9  0x174  Code  Gb  stm32f1xx_hal_gpio.o [1]
HAL_GPIO_ReadPin        0x08002a4d    0xc  Code  Gb  stm32f1xx_hal_gpio.o [1]
HAL_GPIO_WritePin       0x08002a59    0x8  Code  Gb  stm32f1xx_hal_gpio.o [1]
HAL_GetTick             0x0800279f    0x6  Code  Wk  stm32f1xx_hal.o [1]
HAL_IncTick             0x08002795    0xa  Code  Wk  stm32f1xx_hal.o [1]
HAL_Init                0x08002751   0x20  Code  Gb  stm32f1xx_hal.o [1]
HAL_InitTick            0x08002771   0x24  Code  Wk  stm32f1xx_hal.o [1]
HAL_MspInit             0x080027c5   0x60  Code  Gb  stm32f1xx_hal_msp.o [1]
HAL_NVIC_EnableIRQ      0x08001bbb    0xc  Code  Gb  stm32f1xx_hal_cortex.o [1]
HAL_NVIC_SetPriority    0x08001b81   0x3a  Code  Gb  stm32f1xx_hal_cortex.o [1]
HAL_NVIC_SetPriorityGrouping
                        0x08001b67   0x1a  Code  Gb  stm32f1xx_hal_cortex.o [1]
HAL_PCDEx_PMAConfig     0x08001e67   0x32  Code  Gb  stm32f1xx_hal_pcd_ex.o [1]
HAL_PCDEx_SetConnectionState
                        0x08001517    0x2  Code  Gb  usbd_conf.o [1]
HAL_PCD_DataInStageCallback
                        0x08001331    0xe  Code  Gb  usbd_conf.o [1]
HAL_PCD_DataOutStageCallback
                        0x08001321   0x10  Code  Gb  usbd_conf.o [1]
HAL_PCD_EP_Close        0x08000eb1   0x24  Code  Gb  stm32f1xx_hal_pcd.o [1]
HAL_PCD_EP_ClrStall     0x08000fb9   0x1e  Code  Gb  stm32f1xx_hal_pcd.o [1]
HAL_PCD_EP_GetRxCount   0x08000f1f   0x10  Code  Gb  stm32f1xx_hal_pcd.o [1]
HAL_PCD_EP_Open         0x08000e7d   0x34  Code  Gb  stm32f1xx_hal_pcd.o [1]
HAL_PCD_EP_Receive      0x08000eff   0x20  Code  Gb  stm32f1xx_hal_pcd.o [1]
HAL_PCD_EP_SetStall     0x08000f7f   0x32  Code  Gb  stm32f1xx_hal_pcd.o [1]
HAL_PCD_EP_Transmit     0x08000f2f   0x20  Code  Gb  stm32f1xx_hal_pcd.o [1]
HAL_PCD_IRQHandler      0x08000d2f   0xf4  Code  Gb  stm32f1xx_hal_pcd.o [1]
HAL_PCD_Init            0x08000c67   0xa0  Code  Gb  stm32f1xx_hal_pcd.o [1]
HAL_PCD_MspInit         0x080012e1   0x34  Code  Gb  usbd_conf.o [1]
HAL_PCD_ResetCallback   0x08001347   0x1a  Code  Gb  usbd_conf.o [1]
HAL_PCD_ResumeCallback  0x0800137d    0x8  Code  Gb  usbd_conf.o [1]
HAL_PCD_SOFCallback     0x0800133f    0x8  Code  Gb  usbd_conf.o [1]
HAL_PCD_SetAddress      0x08000e59   0x1c  Code  Gb  stm32f1xx_hal_pcd.o [1]
HAL_PCD_SetupStageCallback
                        0x08001315    0xc  Code  Gb  usbd_conf.o [1]
HAL_PCD_Start           0x08000d11   0x1e  Code  Gb  stm32f1xx_hal_pcd.o [1]
HAL_PCD_SuspendCallback
                        0x08001361   0x1c  Code  Gb  usbd_conf.o [1]
HAL_RCCEx_PeriphCLKConfig
                        0x08003645   0xbc  Code  Gb  stm32f1xx_hal_rcc_ex.o [1]
HAL_RCC_ClockConfig     0x0800256d  0x112  Code  Gb  stm32f1xx_hal_rcc.o [1]
HAL_RCC_GetHCLKFreq     0x080026e5    0x6  Code  Gb  stm32f1xx_hal_rcc.o [1]
HAL_RCC_GetPCLK1Freq    0x080026eb   0x10  Code  Gb  stm32f1xx_hal_rcc.o [1]
HAL_RCC_GetPCLK2Freq    0x080026fb    0xe  Code  Gb  stm32f1xx_hal_rcc.o [1]
HAL_RCC_GetSysClockFreq
                        0x08002693   0x52  Code  Gb  stm32f1xx_hal_rcc.o [1]
HAL_RCC_OscConfig       0x080022ad  0x2ae  Code  Gb  stm32f1xx_hal_rcc.o [1]
HAL_SYSTICK_CLKSourceConfig
                        0x08001bf7   0x14  Code  Gb  stm32f1xx_hal_cortex.o [1]
HAL_SYSTICK_Callback    0x08001c2d    0x2  Code  Wk  stm32f1xx_hal_cortex.o [1]
HAL_SYSTICK_Config      0x08001bcf   0x28  Code  Gb  stm32f1xx_hal_cortex.o [1]
HAL_SYSTICK_IRQHandler  0x08001c25    0x8  Code  Gb  stm32f1xx_hal_cortex.o [1]
HAL_UART_ErrorCallback  0x08003155    0x2  Code  Wk  stm32f1xx_hal_uart.o [1]
HAL_UART_IRQHandler     0x0800304d  0x108  Code  Gb  stm32f1xx_hal_uart.o [1]
HAL_UART_Init           0x08002f25   0x26  Code  Gb  stm32f1xx_hal_uart.o [1]
HAL_UART_MspInit        0x08002825   0x7e  Code  Gb  stm32f1xx_hal_msp.o [1]
HAL_UART_Receive_IT     0x08002fe5   0x62  Code  Gb  stm32f1xx_hal_uart.o [1]
HAL_UART_RxCpltCallback
                        0x08003385   0x18  Code  Gb  stm32f103xC_GPS_project_callbaks.o [1]
HAL_UART_Transmit_IT    0x08002f97   0x4e  Code  Gb  stm32f1xx_hal_uart.o [1]
HAL_UART_TxCpltCallback
                        0x0800336d   0x18  Code  Gb  stm32f103xC_GPS_project_callbaks.o [1]
HEAP$$Base              0x200005d0          --   Gb  - Linker created -
HEAP$$Limit             0x200007d0          --   Gb  - Linker created -
LoadInt                 0x0800051d   0x4c  Code  Lc  xprintfsmall.o [3]
MAC_init                0x08003919   0x10  Code  Gb  machine.o [1]
MX_USB_DEVICE_Init      0x08003929   0x38  Code  Gb  usb_device.o [1]
NVIC_SetPriority        0x08001b4d   0x1a  Code  Lc  stm32f1xx_hal_cortex.o [1]
PCD_EP_ISR_Handler      0x08000ff3  0x294  Code  Lc  stm32f1xx_hal_pcd.o [1]
PendSV_Handler          0x08003963    0x2  Code  Gb  stm32f1xx_it.o [1]
Region$$Table$$Base     0x08003a84          --   Gb  - Linker created -
Region$$Table$$Limit    0x08003aa4          --   Gb  - Linker created -
SVC_Handler             0x08003961    0x2  Code  Gb  stm32f1xx_it.o [1]
SysTick_Handler         0x08003965    0xe  Code  Gb  stm32f1xx_it.o [1]
SystemClock_Config      0x080037bd   0x8e  Code  Gb  stm32f103xC_GPS_project_configs.o [1]
SystemCoreClock         0x20000000    0x4  Data  Gb  system_stm32f1xx.o [1]
SystemInit              0x080039c1   0x3a  Code  Gb  system_stm32f1xx.o [1]
UART_Receive_IT         0x08003167   0xa0  Code  Lc  stm32f1xx_hal_uart.o [1]
UART_SetConfig          0x08003207   0xdc  Code  Lc  stm32f1xx_hal_uart.o [1]
USART2_IRQHandler       0x08003991   0x1a  Code  Gb  stm32f1xx_it.o [1]
USART3_IRQHandler       0x08003979   0x18  Code  Gb  stm32f1xx_it.o [1]
USBD_CDC                0x20000010   0x38  Data  Gb  usbd_cdc.o [1]
USBD_CDC_CfgFSDesc      0x2000008c   0x44  Data  Gb  usbd_cdc.o [1]
USBD_CDC_CfgHSDesc      0x20000048   0x44  Data  Gb  usbd_cdc.o [1]
USBD_CDC_DataIn         0x0800352f   0x14  Code  Lc  usbd_cdc.o [1]
USBD_CDC_DataOut        0x08003543   0x2a  Code  Lc  usbd_cdc.o [1]
USBD_CDC_DeInit         0x08003493   0x36  Code  Lc  usbd_cdc.o [1]
USBD_CDC_DeviceQualifierDesc
                        0x20000004    0xc  Data  Lc  usbd_cdc.o [1]
USBD_CDC_EP0_RxReady    0x0800356d   0x26  Code  Lc  usbd_cdc.o [1]
USBD_CDC_GetDeviceQualifierDescriptor
                        0x080035ab    0x8  Code  Gb  usbd_cdc.o [1]
USBD_CDC_GetFSCfgDesc   0x08003593    0x8  Code  Lc  usbd_cdc.o [1]
USBD_CDC_GetHSCfgDesc   0x0800359b    0x8  Code  Lc  usbd_cdc.o [1]
USBD_CDC_GetOtherSpeedCfgDesc
                        0x080035a3    0x8  Code  Lc  usbd_cdc.o [1]
USBD_CDC_Init           0x08003415   0x74  Code  Lc  usbd_cdc.o [1]
USBD_CDC_OtherSpeedCfgDesc
                        0x200000d0   0x44  Data  Gb  usbd_cdc.o [1]
USBD_CDC_ReceivePacket  0x0800361f   0x26  Code  Gb  usbd_cdc.o [1]
USBD_CDC_RegisterInterface
                        0x080035c9    0xe  Code  Gb  usbd_cdc.o [1]
USBD_CDC_SetRxBuffer    0x080035e7    0xc  Code  Gb  usbd_cdc.o [1]
USBD_CDC_SetTxBuffer    0x080035d7   0x10  Code  Gb  usbd_cdc.o [1]
USBD_CDC_Setup          0x080034c9   0x66  Code  Lc  usbd_cdc.o [1]
USBD_CDC_TransmitPacket
                        0x080035f3   0x2c  Code  Gb  usbd_cdc.o [1]
USBD_ClrClassConfig     0x08001c85    0xa  Code  Gb  usbd_core.o [1]
USBD_CtlContinueRx      0x0800227f    0x2  Code  Gb  usbd_ioreq.o [1]
USBD_CtlContinueSendData
                        0x0800225d    0x2  Code  Gb  usbd_ioreq.o [1]
USBD_CtlError           0x080021f1   0x16  Code  Gb  usbd_ctlreq.o [1]
USBD_CtlPrepareRx       0x0800226d   0x12  Code  Gb  usbd_ioreq.o [1]
USBD_CtlReceiveStatus   0x0800229d    0xe  Code  Gb  usbd_ioreq.o [1]
USBD_CtlSendData        0x0800224b   0x12  Code  Gb  usbd_ioreq.o [1]
USBD_CtlSendStatus      0x0800228f    0xe  Code  Gb  usbd_ioreq.o [1]
USBD_FS_ConfigStrDescriptor
                        0x08003745    0xa  Code  Gb  usbd_desc.o [1]
USBD_FS_DeviceDesc      0x20000140   0x14  Data  Gb  usbd_desc.o [1]
USBD_FS_DeviceDescriptor
                        0x0800370d    0x8  Code  Gb  usbd_desc.o [1]
USBD_FS_InterfaceStrDescriptor
                        0x0800374f    0xa  Code  Gb  usbd_desc.o [1]
USBD_FS_LangIDStrDescriptor
                        0x08003715    0x8  Code  Gb  usbd_desc.o [1]
USBD_FS_ManufacturerStrDescriptor
                        0x08003727    0x8  Code  Gb  usbd_desc.o [1]
USBD_FS_ProductStrDescriptor
                        0x0800371d    0xa  Code  Gb  usbd_desc.o [1]
USBD_FS_SerialStrDescriptor
                        0x0800373b    0xa  Code  Gb  usbd_desc.o [1]
USBD_GetDescriptor      0x080020d5   0xee  Code  Lc  usbd_ctlreq.o [1]
USBD_GetString          0x08002207   0x44  Code  Gb  usbd_ctlreq.o [1]
USBD_Init               0x08001c2f   0x26  Code  Gb  usbd_core.o [1]
USBD_Interface_fops_FS  0x20000114   0x10  Data  Gb  usbd_cdc_if.o [1]
USBD_LL_ClearStallEP    0x08001471   0x1a  Code  Gb  usbd_conf.o [1]
USBD_LL_CloseEP         0x0800143d   0x1a  Code  Gb  usbd_conf.o [1]
USBD_LL_DataInStage     0x08001d49   0x9c  Code  Gb  usbd_core.o [1]
USBD_LL_DataOutStage    0x08001ce5   0x64  Code  Gb  usbd_core.o [1]
USBD_LL_GetRxDataSize   0x080014f3    0x8  Code  Gb  usbd_conf.o [1]
USBD_LL_Init            0x08001385   0x7e  Code  Gb  usbd_conf.o [1]
USBD_LL_IsStallEP       0x0800148b   0x1a  Code  Gb  usbd_conf.o [1]
USBD_LL_OpenEP          0x0800141d   0x20  Code  Gb  usbd_conf.o [1]
USBD_LL_PrepareReceive  0x080014d9   0x1a  Code  Gb  usbd_conf.o [1]
USBD_LL_Reset           0x08001de5   0x42  Code  Gb  usbd_core.o [1]
USBD_LL_Resume          0x08001e39    0x6  Code  Gb  usbd_core.o [1]
USBD_LL_SOF             0x08001e45   0x1a  Code  Gb  usbd_core.o [1]
USBD_LL_SetSpeed        0x08001e27    0x6  Code  Gb  usbd_core.o [1]
USBD_LL_SetUSBAddress   0x080014a5   0x1a  Code  Gb  usbd_conf.o [1]
USBD_LL_SetupStage      0x08001c8f   0x56  Code  Gb  usbd_core.o [1]
USBD_LL_StallEP         0x08001457   0x1a  Code  Gb  usbd_conf.o [1]
USBD_LL_Start           0x08001403   0x1a  Code  Gb  usbd_conf.o [1]
USBD_LL_Suspend         0x08001e2d    0xc  Code  Gb  usbd_core.o [1]
USBD_LL_Transmit        0x080014bf   0x1a  Code  Gb  usbd_conf.o [1]
USBD_LangIDDesc         0x20000154    0x4  Data  Gb  usbd_desc.o [1]
USBD_ParseSetupRequest  0x080021c9   0x28  Code  Gb  usbd_ctlreq.o [1]
USBD_RegisterClass      0x08001c55   0x10  Code  Gb  usbd_core.o [1]
USBD_SetClassConfig     0x08001c6f   0x16  Code  Gb  usbd_core.o [1]
USBD_Start              0x08001c65    0xa  Code  Gb  usbd_core.o [1]
USBD_StdDevReq          0x08001e99  0x138  Code  Gb  usbd_ctlreq.o [1]
USBD_StdEPReq           0x08002007   0xc2  Code  Gb  usbd_ctlreq.o [1]
USBD_StdItfReq          0x08001fd5   0x32  Code  Gb  usbd_ctlreq.o [1]
USBD_StrDesc            0x20001bec  0x200  Data  Gb  usbd_desc.o [1]
USBD_static_free        0x08001515    0x2  Code  Gb  usbd_conf.o [1]
USBD_static_malloc      0x080014fb    0x4  Code  Gb  usbd_conf.o [1]
USB_ActivateEndpoint    0x0800154d  0x234  Code  Gb  stm32f1xx_ll_usb.o [1]
USB_CoreInit            0x08001519    0x4  Code  Gb  stm32f1xx_ll_usb.o [1]
USB_DeactivateEndpoint  0x08001797  0x120  Code  Gb  stm32f1xx_ll_usb.o [1]
USB_DevConnect          0x08001af1    0x4  Code  Gb  stm32f1xx_ll_usb.o [1]
USB_DevDisconnect       0x08001af5    0x4  Code  Gb  stm32f1xx_ll_usb.o [1]
USB_DevInit             0x08001535   0x10  Code  Gb  stm32f1xx_ll_usb.o [1]
USB_DisableGlobalInt    0x08001527    0xa  Code  Gb  stm32f1xx_ll_usb.o [1]
USB_EP0_OutStart        0x08001aff    0x4  Code  Gb  stm32f1xx_ll_usb.o [1]
USB_EPClearStall        0x08001a83   0x62  Code  Gb  stm32f1xx_ll_usb.o [1]
USB_EPSetStall          0x08001a39   0x4a  Code  Gb  stm32f1xx_ll_usb.o [1]
USB_EPStartXfer         0x080018cb  0x134  Code  Gb  stm32f1xx_ll_usb.o [1]
USB_EnableGlobalInt     0x0800151d    0xa  Code  Gb  stm32f1xx_ll_usb.o [1]
USB_LP_CAN1_RX0_IRQHandler
                        0x08003973    0x6  Code  Gb  stm32f1xx_it.o [1]
USB_ReadInterrupts      0x08001af9    0x6  Code  Gb  stm32f1xx_ll_usb.o [1]
USB_ReadPMA             0x08001b31   0x1c  Code  Gb  stm32f1xx_ll_usb.o [1]
USB_SetCurrentMode      0x08001531    0x4  Code  Gb  stm32f1xx_ll_usb.o [1]
USB_SetDevAddress       0x08001ae5    0xc  Code  Gb  stm32f1xx_ll_usb.o [1]
USB_WritePMA            0x08001b0d   0x24  Code  Gb  stm32f1xx_ll_usb.o [1]
UserRxBufferFS          0x20001f44   0x40  Data  Gb  usbd_cdc_if.o [1]
UserTxBufferFS          0x20001f84   0x40  Data  Gb  usbd_cdc_if.o [1]
_EncodingSb_Mbtowc      0x08000bf3   0x30  Code  Gb  xencoding_sb.o [3]
_EncodingSb_Wctomb      0x08000bd9   0x1a  Code  Gb  xencoding_sb.o [3]
_IsdstStr               0x2000015c    0x4  Data  Gb  setlocale.o [3]
_LitobSmall             0x0800079b   0xce  Code  Lc  xprintfsmall.o [3]
_LocaleEncoding         0x08000bc5    0xe  Code  Gb  setlocale.o [3]
_LocaleReturnString     0x2000017c   0x50  Data  Lc  setlocale.o [3]
_Locale_Profile         0x20000160   0x1c  Data  Gb  setlocale.o [3]
_Mbtowc                 0x080008b1   0x20  Code  Gb  xmbtowc.o [3]
_PrintfSmall            0x080000ed  0x430  Code  Gb  xprintfsmall.o [3]
_PutcharsSmall          0x08000869   0x2e  Code  Lc  xprintfsmall.o [3]
_PutstrSmall            0x08000569  0x228  Code  Lc  xprintfsmall.o [3]
_SProut                 0x08000993    0xa  Code  Gb  xsprout.o [3]
_TzoneStr               0x20000158    0x4  Data  Gb  setlocale.o [3]
_Wctomb                 0x08000ab1   0x1a  Code  Gb  xwctomb.o [3]
__aeabi_memclr          0x080032ed         Code  Gb  ABImemclr.o [5]
__cmain                 0x08003aa5         Code  Gb  cmain.o [5]
__data_Aldata           0x20002044    0x8  Data  Gb  xxmemxmalloc.o [3]
__data_GetMemChunk      0x08000c39   0x2c  Code  Gb  xgetmemchunk.o [3]
__exit                  0x08003ad5   0x14  Code  Gb  exit.o [6]
__iar_Mbcurmax          0x080009f5    0xa  Code  Gb  xmbcurmax.o [3]
__iar_Memchr            0x0800099d         Code  Gb  memchr.o [5]
__iar_Memset_word       0x080033a5         Code  Gb  ABImemset.o [5]
__iar_Strchr            0x080008d1         Code  Gb  strchr.o [5]
__iar_data_init3        0x08003a5d   0x28  Code  Gb  data_init.o [5]
__iar_dlib_perthread_access
                        0x08000c65    0x2  Code  Gb  xtls.o [3]
__iar_lz77_init_single3
                        0x080008e7   0x76  Code  Gb  lz77_init_single.o [5]
__iar_program_start     0x08003af9         Code  Gb  cstartup_M.o [5]
__iar_unaligned___aeabi_memcpy
                        0x08000acd         Code  Gb  ABImemcpy_unaligned.o [5]
__iar_unaligned___aeabi_memcpy4
                        0x08000aed         Code  Gb  ABImemcpy_unaligned.o [5]
__iar_unaligned___aeabi_memcpy8
                        0x08000aed         Code  Gb  ABImemcpy_unaligned.o [5]
__iar_unaligned_strcmp  0x080032f5         Code  Gb  strcmp_unaligned.o [5]
__iar_zero_init3        0x08003a1d   0x40  Code  Gb  zero_init3.o [5]
__low_level_init        0x08003abf    0x4  Code  Gb  low_level_init.o [3]
__vector_table          0x08000000         Data  Gb  startup_stm32f103xb.o [1]
_call_main              0x08003ab1         Code  Gb  cmain.o [5]
_exit                   0x08003ac9         Code  Gb  cexit.o [5]
_main                   0x08003abb         Code  Gb  cmain.o [5]
buffer_GPS_Rx           0x200007d0  0xbb8  Data  Gb  main.o [1]
buffer_GSM_Rx           0x20001e40   0xc8  Data  Gb  main.o [1]
exit                    0x08003ac3    0x4  Code  Gb  exit.o [3]
free                    0x08000b45   0x7a  Code  Gb  xxmemxfree.o [3]
hUsbDeviceFS            0x200017a8  0x224  Data  Gb  usb_device.o [1]
hpcd_USB_FS             0x20001388  0x420  Data  Gb  usbd_conf.o [1]
machine                 0x20001dec   0x54  Data  Gb  main.o [1]
main                    0x080038b9   0x60  Code  Gb  main.o [1]
malloc                  0x08000a01   0xac  Code  Gb  xxmemxmalloc.o [3]
memchr                  0x0800099d         Code  Gb  memchr.o [5]
msg                     0x20001f08   0x3c  Data  Gb  main.o [1]
sendAtcmd               0x08002c7b   0x52  Code  Gb  GSM.o [1]
sprintf                 0x08003339   0x34  Code  Gb  sprintf.o [3]
strchr                  0x080008d1         Code  Gb  strchr.o [5]
strlen                  0x0800095d         Code  Gb  strlen.o [5]
uwTick                  0x2000204c    0x4  Data  Lc  stm32f1xx_hal.o [1]


[1] = C:\Users\LAARIBI\Downloads\Compressed\STM32Cube_FW_F1_V1.4.0\Projects\STM32F103RB-Nucleo\TEST\EWARM\STM32F103RB_Nucleo\Obj
[2] = command line
[3] = dl7M_tlf.a
[4] = m7M_tl.a
[5] = rt7M_tl.a
[6] = shb_l.a

  15 260 bytes of readonly  code memory
     248 bytes of readonly  data memory
   8 274 bytes of readwrite data memory

Errors: none
Warnings: none
