###############################################################################
#
# IAR ELF Linker V7.50.2.10312/W32 for ARM                15/Jan/2017  03:03:44
# Copyright 2007-2015 IAR Systems AB.
#
#    Output file  =  
#        C:\Users\Hamza\Desktop\STM32Cube_FW_F1_V1.4.0\Projects\STM32F103RB-Nucleo\GPS\EWARM\STM32F103RB_Nucleo\Exe\Project.out
#    Map file     =  
#        C:\Users\Hamza\Desktop\STM32Cube_FW_F1_V1.4.0\Projects\STM32F103RB-Nucleo\GPS\EWARM\STM32F103RB_Nucleo\List\Project.map
#    Command line =  
#        C:\Users\Hamza\Desktop\STM32Cube_FW_F1_V1.4.0\Projects\STM32F103RB-Nucleo\GPS\EWARM\STM32F103RB_Nucleo\Obj\GPS.o
#        C:\Users\Hamza\Desktop\STM32Cube_FW_F1_V1.4.0\Projects\STM32F103RB-Nucleo\GPS\EWARM\STM32F103RB_Nucleo\Obj\GSM.o
#        C:\Users\Hamza\Desktop\STM32Cube_FW_F1_V1.4.0\Projects\STM32F103RB-Nucleo\GPS\EWARM\STM32F103RB_Nucleo\Obj\machine.o
#        C:\Users\Hamza\Desktop\STM32Cube_FW_F1_V1.4.0\Projects\STM32F103RB-Nucleo\GPS\EWARM\STM32F103RB_Nucleo\Obj\main.o
#        C:\Users\Hamza\Desktop\STM32Cube_FW_F1_V1.4.0\Projects\STM32F103RB-Nucleo\GPS\EWARM\STM32F103RB_Nucleo\Obj\st7735.o
#        C:\Users\Hamza\Desktop\STM32Cube_FW_F1_V1.4.0\Projects\STM32F103RB-Nucleo\GPS\EWARM\STM32F103RB_Nucleo\Obj\startup_stm32f103xb.o
#        C:\Users\Hamza\Desktop\STM32Cube_FW_F1_V1.4.0\Projects\STM32F103RB-Nucleo\GPS\EWARM\STM32F103RB_Nucleo\Obj\stm32_adafruit_lcd.o
#        C:\Users\Hamza\Desktop\STM32Cube_FW_F1_V1.4.0\Projects\STM32F103RB-Nucleo\GPS\EWARM\STM32F103RB_Nucleo\Obj\stm32f103xC_GPS_project_callbaks.o
#        C:\Users\Hamza\Desktop\STM32Cube_FW_F1_V1.4.0\Projects\STM32F103RB-Nucleo\GPS\EWARM\STM32F103RB_Nucleo\Obj\stm32f103xC_GPS_project_configs.o
#        C:\Users\Hamza\Desktop\STM32Cube_FW_F1_V1.4.0\Projects\STM32F103RB-Nucleo\GPS\EWARM\STM32F103RB_Nucleo\Obj\stm32f103xC_GPS_project_handlers.o
#        C:\Users\Hamza\Desktop\STM32Cube_FW_F1_V1.4.0\Projects\STM32F103RB-Nucleo\GPS\EWARM\STM32F103RB_Nucleo\Obj\stm32f1xx_hal.o
#        C:\Users\Hamza\Desktop\STM32Cube_FW_F1_V1.4.0\Projects\STM32F103RB-Nucleo\GPS\EWARM\STM32F103RB_Nucleo\Obj\stm32f1xx_hal_cortex.o
#        C:\Users\Hamza\Desktop\STM32Cube_FW_F1_V1.4.0\Projects\STM32F103RB-Nucleo\GPS\EWARM\STM32F103RB_Nucleo\Obj\stm32f1xx_hal_crc.o
#        C:\Users\Hamza\Desktop\STM32Cube_FW_F1_V1.4.0\Projects\STM32F103RB-Nucleo\GPS\EWARM\STM32F103RB_Nucleo\Obj\stm32f1xx_hal_dma.o
#        C:\Users\Hamza\Desktop\STM32Cube_FW_F1_V1.4.0\Projects\STM32F103RB-Nucleo\GPS\EWARM\STM32F103RB_Nucleo\Obj\stm32f1xx_hal_flash.o
#        C:\Users\Hamza\Desktop\STM32Cube_FW_F1_V1.4.0\Projects\STM32F103RB-Nucleo\GPS\EWARM\STM32F103RB_Nucleo\Obj\stm32f1xx_hal_flash_ex.o
#        C:\Users\Hamza\Desktop\STM32Cube_FW_F1_V1.4.0\Projects\STM32F103RB-Nucleo\GPS\EWARM\STM32F103RB_Nucleo\Obj\stm32f1xx_hal_gpio.o
#        C:\Users\Hamza\Desktop\STM32Cube_FW_F1_V1.4.0\Projects\STM32F103RB-Nucleo\GPS\EWARM\STM32F103RB_Nucleo\Obj\stm32f1xx_hal_gpio_ex.o
#        C:\Users\Hamza\Desktop\STM32Cube_FW_F1_V1.4.0\Projects\STM32F103RB-Nucleo\GPS\EWARM\STM32F103RB_Nucleo\Obj\stm32f1xx_hal_msp.o
#        C:\Users\Hamza\Desktop\STM32Cube_FW_F1_V1.4.0\Projects\STM32F103RB-Nucleo\GPS\EWARM\STM32F103RB_Nucleo\Obj\stm32f1xx_hal_pcd.o
#        C:\Users\Hamza\Desktop\STM32Cube_FW_F1_V1.4.0\Projects\STM32F103RB-Nucleo\GPS\EWARM\STM32F103RB_Nucleo\Obj\stm32f1xx_hal_pcd_ex.o
#        C:\Users\Hamza\Desktop\STM32Cube_FW_F1_V1.4.0\Projects\STM32F103RB-Nucleo\GPS\EWARM\STM32F103RB_Nucleo\Obj\stm32f1xx_hal_rcc.o
#        C:\Users\Hamza\Desktop\STM32Cube_FW_F1_V1.4.0\Projects\STM32F103RB-Nucleo\GPS\EWARM\STM32F103RB_Nucleo\Obj\stm32f1xx_hal_rcc_ex.o
#        C:\Users\Hamza\Desktop\STM32Cube_FW_F1_V1.4.0\Projects\STM32F103RB-Nucleo\GPS\EWARM\STM32F103RB_Nucleo\Obj\stm32f1xx_hal_smartcard.o
#        C:\Users\Hamza\Desktop\STM32Cube_FW_F1_V1.4.0\Projects\STM32F103RB-Nucleo\GPS\EWARM\STM32F103RB_Nucleo\Obj\stm32f1xx_hal_tim.o
#        C:\Users\Hamza\Desktop\STM32Cube_FW_F1_V1.4.0\Projects\STM32F103RB-Nucleo\GPS\EWARM\STM32F103RB_Nucleo\Obj\stm32f1xx_hal_tim_ex.o
#        C:\Users\Hamza\Desktop\STM32Cube_FW_F1_V1.4.0\Projects\STM32F103RB-Nucleo\GPS\EWARM\STM32F103RB_Nucleo\Obj\stm32f1xx_hal_uart.o
#        C:\Users\Hamza\Desktop\STM32Cube_FW_F1_V1.4.0\Projects\STM32F103RB-Nucleo\GPS\EWARM\STM32F103RB_Nucleo\Obj\stm32f1xx_hal_usart.o
#        C:\Users\Hamza\Desktop\STM32Cube_FW_F1_V1.4.0\Projects\STM32F103RB-Nucleo\GPS\EWARM\STM32F103RB_Nucleo\Obj\stm32f1xx_it.o
#        C:\Users\Hamza\Desktop\STM32Cube_FW_F1_V1.4.0\Projects\STM32F103RB-Nucleo\GPS\EWARM\STM32F103RB_Nucleo\Obj\stm32f1xx_ll_fsmc.o
#        C:\Users\Hamza\Desktop\STM32Cube_FW_F1_V1.4.0\Projects\STM32F103RB-Nucleo\GPS\EWARM\STM32F103RB_Nucleo\Obj\stm32f1xx_ll_sdmmc.o
#        C:\Users\Hamza\Desktop\STM32Cube_FW_F1_V1.4.0\Projects\STM32F103RB-Nucleo\GPS\EWARM\STM32F103RB_Nucleo\Obj\stm32f1xx_ll_usb.o
#        C:\Users\Hamza\Desktop\STM32Cube_FW_F1_V1.4.0\Projects\STM32F103RB-Nucleo\GPS\EWARM\STM32F103RB_Nucleo\Obj\stm32f1xx_nucleo.o
#        C:\Users\Hamza\Desktop\STM32Cube_FW_F1_V1.4.0\Projects\STM32F103RB-Nucleo\GPS\EWARM\STM32F103RB_Nucleo\Obj\system_stm32f1xx.o
#        C:\Users\Hamza\Desktop\STM32Cube_FW_F1_V1.4.0\Projects\STM32F103RB-Nucleo\GPS\EWARM\STM32F103RB_Nucleo\Obj\usb_device.o
#        C:\Users\Hamza\Desktop\STM32Cube_FW_F1_V1.4.0\Projects\STM32F103RB-Nucleo\GPS\EWARM\STM32F103RB_Nucleo\Obj\usbd_cdc.o
#        C:\Users\Hamza\Desktop\STM32Cube_FW_F1_V1.4.0\Projects\STM32F103RB-Nucleo\GPS\EWARM\STM32F103RB_Nucleo\Obj\usbd_cdc_if.o
#        C:\Users\Hamza\Desktop\STM32Cube_FW_F1_V1.4.0\Projects\STM32F103RB-Nucleo\GPS\EWARM\STM32F103RB_Nucleo\Obj\usbd_conf.o
#        C:\Users\Hamza\Desktop\STM32Cube_FW_F1_V1.4.0\Projects\STM32F103RB-Nucleo\GPS\EWARM\STM32F103RB_Nucleo\Obj\usbd_core.o
#        C:\Users\Hamza\Desktop\STM32Cube_FW_F1_V1.4.0\Projects\STM32F103RB-Nucleo\GPS\EWARM\STM32F103RB_Nucleo\Obj\usbd_ctlreq.o
#        C:\Users\Hamza\Desktop\STM32Cube_FW_F1_V1.4.0\Projects\STM32F103RB-Nucleo\GPS\EWARM\STM32F103RB_Nucleo\Obj\usbd_desc.o
#        C:\Users\Hamza\Desktop\STM32Cube_FW_F1_V1.4.0\Projects\STM32F103RB-Nucleo\GPS\EWARM\STM32F103RB_Nucleo\Obj\usbd_ioreq.o
#        --redirect _Printf=_PrintfSmall --redirect _Scanf=_ScanfSmall -o
#        C:\Users\Hamza\Desktop\STM32Cube_FW_F1_V1.4.0\Projects\STM32F103RB-Nucleo\GPS\EWARM\STM32F103RB_Nucleo\Exe\Project.out
#        --map
#        C:\Users\Hamza\Desktop\STM32Cube_FW_F1_V1.4.0\Projects\STM32F103RB-Nucleo\GPS\EWARM\STM32F103RB_Nucleo\List\Project.map
#        --config
#        C:\Users\Hamza\Desktop\STM32Cube_FW_F1_V1.4.0\Projects\STM32F103RB-Nucleo\GPS\EWARM\stm32f103xb_flash.icf
#        --semihosting --entry __iar_program_start --vfe
#
###############################################################################

*******************************************************************************
*** RUNTIME MODEL ATTRIBUTES
***

CppFlavor                     = *
__Heap_Handler                = Basic
__SystemLibrary               = DLib
__dlib_dynamic_initialization = normal


*******************************************************************************
*** PLACEMENT SUMMARY
***

"A1":  place at 0x08000000 { ro section .intvec };
"P1":  place in [from 0x08000000 to 0x0801ffff] { ro };
"P2":  place in [from 0x20000000 to 0x20004fff] { rw, block CSTACK, block HEAP };

  Section             Kind        Address    Size  Object
  -------             ----        -------    ----  ------
"A1":                                        0xec
  .intvec             ro code  0x08000000    0xec  startup_stm32f103xb.o [1]
                             - 0x080000ec    0xec

"P1":                                      0x3733
  .text               ro code  0x080000ec   0x7c4  xprintfsmall.o [3]
  .text               ro code  0x080008b0    0x20  xmbtowc.o [3]
  .text               ro code  0x080008d0    0x16  strchr.o [5]
  .text               ro code  0x080008e6     0xa  xsprout.o [3]
  .text               ro code  0x080008f0    0x36  strlen.o [5]
  .text               ro code  0x08000928    0x58  memchr.o [5]
  .text               ro code  0x08000980     0xa  xmbcurmax.o [3]
  .text               ro code  0x0800098c    0xb0  xxmemxmalloc.o [3]
  .text               ro code  0x08000a3c    0x1a  xwctomb.o [3]
  .text               ro code  0x08000a58    0x76  ABImemcpy_unaligned.o [5]
  .text               ro code  0x08000ad0    0x80  xxmemxfree.o [3]
  .text               ro code  0x08000b50    0x14  setlocale.o [3]
  .text               ro code  0x08000b64    0x60  xencoding_sb.o [3]
  .text               ro code  0x08000bc4    0x2c  xgetmemchunk.o [3]
  .text               ro code  0x08000bf0     0x2  xtls.o [3]
  .text               ro code  0x08000bf4   0x6f0  GSM.o [1]
  .text               ro code  0x080012e4   0x1bc  stm32f1xx_hal_gpio.o [1]
  .text               ro code  0x080014a0   0x3c8  stm32f1xx_hal_uart.o [1]
  .text               ro code  0x08001868     0x2  stm32f103xC_GPS_project_handlers.o [1]
  .text               ro code  0x0800186c    0x74  stm32f1xx_hal.o [1]
  .text               ro code  0x080018e0    0x34  sprintf.o [3]
  .text               ro code  0x08001914    0x42  strcmp_unaligned.o [5]
  .text               ro code  0x08001958     0x6  ABImemclr.o [5]
  .text               ro code  0x08001960   0x114  stm32f1xx_hal_msp.o [1]
  .text               ro code  0x08001a74    0x38  stm32f103xC_GPS_project_callbaks.o [1]
  .text               ro code  0x08001aac   0x4a2  stm32f1xx_hal_rcc.o [1]
  .text               ro code  0x08001f50    0xe2  stm32f1xx_hal_cortex.o [1]
  .text               ro code  0x08002034    0x5e  ABImemset.o [5]
  .text               ro code  0x08002094   0x130  GPS.o [1]
  .text               ro code  0x080021c4    0x2c  strstr.o [3]
  .text               ro code  0x080021f0   0x570  stm32f1xx_hal_pcd.o [1]
  .text               ro code  0x08002760   0x130  usbd_conf.o [1]
  .text               ro code  0x08002890   0x4ce  stm32f1xx_ll_usb.o [1]
  .text               ro code  0x08002d5e   0x1f6  usbd_core.o [1]
  .text               ro code  0x08002f54   0x36e  usbd_ctlreq.o [1]
  .text               ro code  0x080032c2    0x4e  usbd_ioreq.o [1]
  .text               ro code  0x08003310    0xe4  machine.o [1]
  .text               ro code  0x080033f4    0xc8  stm32f1xx_hal_rcc_ex.o [1]
  .text               ro code  0x080034bc    0x8e  stm32f103xC_GPS_project_configs.o [1]
  .text               ro code  0x0800354c    0x74  stm32f1xx_it.o [1]
  .text               ro code  0x080035c0    0x5c  system_stm32f1xx.o [1]
  .text               ro code  0x0800361c    0x40  zero_init3.o [5]
  .text               ro code  0x0800365c    0x38  packbits_init_single.o [5]
  .text               ro code  0x08003694    0x28  data_init.o [5]
  .iar.init_table     const    0x080036bc    0x20  - Linker created -
  .text               ro code  0x080036dc    0x1c  main.o [1]
  .text               ro code  0x080036f8    0x1a  cmain.o [5]
  .text               ro code  0x08003712     0x4  low_level_init.o [3]
  .text               ro code  0x08003716     0x4  exit.o [3]
  .text               ro code  0x0800371c     0xa  cexit.o [5]
  .text               ro code  0x08003728    0x14  exit.o [6]
  .text               ro code  0x0800373c    0x10  startup_stm32f103xb.o [1]
  .text               ro code  0x0800374c     0xc  cstartup_M.o [5]
  .rodata             const    0x08003758     0x8  system_stm32f1xx.o [1]
  .text               ro code  0x08003760     0x4  startup_stm32f103xb.o [1]
  .text               ro code  0x08003764     0x4  startup_stm32f103xb.o [1]
  .text               ro code  0x08003768     0x4  startup_stm32f103xb.o [1]
  .text               ro code  0x0800376c     0x4  startup_stm32f103xb.o [1]
  .text               ro code  0x08003770     0x4  startup_stm32f103xb.o [1]
  .text               ro code  0x08003774     0x4  startup_stm32f103xb.o [1]
  .text               ro code  0x08003778     0x4  startup_stm32f103xb.o [1]
  .text               ro code  0x0800377c     0x4  startup_stm32f103xb.o [1]
  .text               ro code  0x08003780     0x4  startup_stm32f103xb.o [1]
  .text               ro code  0x08003784     0x4  startup_stm32f103xb.o [1]
  .text               ro code  0x08003788     0x4  startup_stm32f103xb.o [1]
  .text               ro code  0x0800378c     0x4  startup_stm32f103xb.o [1]
  .text               ro code  0x08003790     0x4  startup_stm32f103xb.o [1]
  .text               ro code  0x08003794     0x4  startup_stm32f103xb.o [1]
  .text               ro code  0x08003798     0x4  startup_stm32f103xb.o [1]
  .text               ro code  0x0800379c     0x4  startup_stm32f103xb.o [1]
  .text               ro code  0x080037a0     0x4  startup_stm32f103xb.o [1]
  .text               ro code  0x080037a4     0x4  startup_stm32f103xb.o [1]
  .text               ro code  0x080037a8     0x4  startup_stm32f103xb.o [1]
  .text               ro code  0x080037ac     0x4  startup_stm32f103xb.o [1]
  .text               ro code  0x080037b0     0x4  startup_stm32f103xb.o [1]
  .text               ro code  0x080037b4     0x4  startup_stm32f103xb.o [1]
  .text               ro code  0x080037b8     0x4  startup_stm32f103xb.o [1]
  .text               ro code  0x080037bc     0x4  startup_stm32f103xb.o [1]
  .text               ro code  0x080037c0     0x4  startup_stm32f103xb.o [1]
  .text               ro code  0x080037c4     0x4  startup_stm32f103xb.o [1]
  .text               ro code  0x080037c8     0x4  startup_stm32f103xb.o [1]
  .text               ro code  0x080037cc     0x4  startup_stm32f103xb.o [1]
  .text               ro code  0x080037d0     0x4  startup_stm32f103xb.o [1]
  .text               ro code  0x080037d4     0x4  startup_stm32f103xb.o [1]
  .text               ro code  0x080037d8     0x4  startup_stm32f103xb.o [1]
  .text               ro code  0x080037dc     0x4  startup_stm32f103xb.o [1]
  .text               ro code  0x080037e0     0x4  startup_stm32f103xb.o [1]
  .text               ro code  0x080037e4     0x4  startup_stm32f103xb.o [1]
  .text               ro code  0x080037e8     0x4  startup_stm32f103xb.o [1]
  .text               ro code  0x080037ec     0x4  startup_stm32f103xb.o [1]
  .text               ro code  0x080037f0     0x4  startup_stm32f103xb.o [1]
  .text               ro code  0x080037f4     0x4  startup_stm32f103xb.o [1]
  .text               ro code  0x080037f8     0x4  startup_stm32f103xb.o [1]
  .text               ro code  0x080037fc     0x4  startup_stm32f103xb.o [1]
  .text               ro code  0x08003800     0x4  startup_stm32f103xb.o [1]
  .text               ro code  0x08003804     0x4  startup_stm32f103xb.o [1]
  .text               ro code  0x08003808     0x4  startup_stm32f103xb.o [1]
  .text               ro code  0x0800380c     0x4  startup_stm32f103xb.o [1]
  .text               ro code  0x08003810     0x4  startup_stm32f103xb.o [1]
  .text               ro code  0x08003814     0x4  startup_stm32f103xb.o [1]
  .rodata             const    0x08003818     0x0  zero_init3.o [5]
  .rodata             const    0x08003818     0x0  packbits_init_single.o [5]
  Initializer bytes   const    0x08003818     0x7  <for P2-1>
                             - 0x0800381f  0x3733

"P2", part 1 of 3:                           0x78
  P2-1                         0x20000000    0x78  <Init block>
    .data             inited   0x20000000     0x4  system_stm32f1xx.o [1]
    __DLIB_PERTHREAD  inited   0x20000004    0x74  setlocale.o [3]
                             - 0x20000078    0x78

"P2", part 2 of 3:                          0x600
  CSTACK                       0x20000078   0x400  <Block>
    CSTACK            uninit   0x20000078   0x400  <Block tail>
  HEAP                         0x20000478   0x200  <Block>
    HEAP              uninit   0x20000478   0x200  <Block tail>
                             - 0x20000678   0x600

"P2", part 3 of 3:                         0x1240
  .bss                zero     0x20000678   0xbb8  main.o [1]
  .bss                zero     0x20001230   0x420  usbd_conf.o [1]
  .bss                zero     0x20001650    0xd0  main.o [1]
  .bss                zero     0x20001720    0xc8  main.o [1]
  .bss                zero     0x200017e8    0x40  main.o [1]
  .bss                zero     0x20001828    0x40  main.o [1]
  .bss                zero     0x20001868    0x3c  main.o [1]
  .bss                zero     0x200018a4     0x8  xxmemxmalloc.o [3]
  .bss                zero     0x200018ac     0x4  stm32f1xx_hal.o [1]
  .bss                zero     0x200018b0     0x4  xgetmemchunk.o [3]
  .bss                zero     0x200018b4     0x2  machine.o [1]
  .bss                zero     0x200018b6     0x1  usbd_ctlreq.o [1]
                             - 0x200018b7  0x123f


*******************************************************************************
*** INIT TABLE
***

          Address     Size
          -------     ----
Zero (__iar_zero_init3)
    1 destination range, total size 0x123f:
          0x20000678  0x123f

Copy/packbits (__iar_packbits_init_single3)
    1 source range, total size 0x7 (5% of destination):
          0x08003818     0x7
    1 destination range, total size 0x78:
          0x20000000    0x78



*******************************************************************************
*** MODULE SUMMARY
***

    Module                              ro code  ro data  rw data
    ------                              -------  -------  -------
C:\Users\Hamza\Desktop\STM32Cube_FW_F1_V1.4.0\Projects\STM32F103RB-Nucleo\GPS\EWARM\STM32F103RB_Nucleo\Obj: [1]
    GPS.o                                   304
    GSM.o                                 1 776
    machine.o                               228                 2
    main.o                                   28             3 596
    startup_stm32f103xb.o                   436
    stm32f103xC_GPS_project_callbaks.o       56
    stm32f103xC_GPS_project_configs.o       142
    stm32f103xC_GPS_project_handlers.o        2
    stm32f1xx_hal.o                         116                 4
    stm32f1xx_hal_cortex.o                  226
    stm32f1xx_hal_gpio.o                    444
    stm32f1xx_hal_msp.o                     276
    stm32f1xx_hal_pcd.o                   1 392
    stm32f1xx_hal_rcc.o                   1 186
    stm32f1xx_hal_rcc_ex.o                  200
    stm32f1xx_hal_uart.o                    968
    stm32f1xx_it.o                          116
    stm32f1xx_ll_usb.o                    1 230
    system_stm32f1xx.o                       92        8        4
    usbd_conf.o                             304             1 056
    usbd_core.o                             502
    usbd_ctlreq.o                           878                 1
    usbd_ioreq.o                             78
    -------------------------------------------------------------
    Total:                               10 980        8    4 663

command line: [2]
    -------------------------------------------------------------
    Total:

dl7M_tlf.a: [3]
    exit.o                                    4
    low_level_init.o                          4
    setlocale.o                              20        7      116
    sprintf.o                                52
    strstr.o                                 44
    xencoding_sb.o                           96
    xgetmemchunk.o                           44                 4
    xmbcurmax.o                              10
    xmbtowc.o                                32
    xprintfsmall.o                        1 988
    xsprout.o                                10
    xtls.o                                    2
    xwctomb.o                                26
    xxmemxfree.o                            128
    xxmemxmalloc.o                          176                 8
    -------------------------------------------------------------
    Total:                                2 636        7      128

m7M_tl.a: [4]
    -------------------------------------------------------------
    Total:

rt7M_tl.a: [5]
    ABImemclr.o                               6
    ABImemcpy_unaligned.o                   118
    ABImemset.o                              94
    cexit.o                                  10
    cmain.o                                  26
    cstartup_M.o                             12
    data_init.o                              40
    memchr.o                                 88
    packbits_init_single.o                   56
    strchr.o                                 22
    strcmp_unaligned.o                       66
    strlen.o                                 54
    zero_init3.o                             64
    -------------------------------------------------------------
    Total:                                  656

shb_l.a: [6]
    exit.o                                   20
    -------------------------------------------------------------
    Total:                                   20

    Gaps                                     28
    Linker created                                    32    1 536
-----------------------------------------------------------------
    Grand Total:                         14 320       47    6 327


*******************************************************************************
*** ENTRY LIST
***

Entry                      Address   Size  Type      Object
-----                      -------   ----  ----      ------
.iar.init_table$$Base   0x080036bc          --   Gb  - Linker created -
.iar.init_table$$Limit  0x080036dc          --   Gb  - Linker created -
?main                   0x080036f9         Code  Gb  cmain.o [5]
AHBPrescTable           0x0800360c   0x10  Data  Gb  system_stm32f1xx.o [1]
APBPrescTable           0x08003758    0x8  Data  Gb  system_stm32f1xx.o [1]
CSTACK$$Base            0x20000078          --   Gb  - Linker created -
CSTACK$$Limit           0x20000478          --   Gb  - Linker created -
ClearBufferRxGPS        0x0800219b    0x8  Code  Gb  GPS.o [1]
ClearBufferRxGSM        0x08000e4f    0x8  Code  Gb  GSM.o [1]
Error_Handler           0x08001869    0x2  Code  Gb  stm32f103xC_GPS_project_handlers.o [1]
GPS_GPGGA_Parser        0x08002125   0x72  Code  Gb  GPS.o [1]
GPS_Init                0x08002095   0x5c  Code  Gb  GPS.o [1]
GPS_UART_HANDLE         0x20001828   0x40  Data  Gb  main.o [1]
GPS_intercomma_parser   0x080020f1   0x34  Code  Gb  GPS.o [1]
GSM_HttpRequest         0x08000f49  0x130  Code  Gb  GSM.o [1]
GSM_Init                0x08000bf5  0x14e  Code  Gb  GSM.o [1]
GSM_Pwr_Off             0x08000d97   0x36  Code  Gb  GSM.o [1]
GSM_Pwr_On              0x08000d59   0x36  Code  Gb  GSM.o [1]
GSM_Reset               0x08000e3b   0x14  Code  Gb  GSM.o [1]
GSM_SendSMS             0x08000e57   0x7c  Code  Gb  GSM.o [1]
GSM_UART_HANDLE         0x200017e8   0x40  Data  Gb  main.o [1]
HAL_Delay               0x080018c1   0x18  Code  Wk  stm32f1xx_hal.o [1]
HAL_GPIO_Init           0x080012e5  0x174  Code  Gb  stm32f1xx_hal_gpio.o [1]
HAL_GPIO_ReadPin        0x08001459    0xc  Code  Gb  stm32f1xx_hal_gpio.o [1]
HAL_GPIO_WritePin       0x08001465    0x8  Code  Gb  stm32f1xx_hal_gpio.o [1]
HAL_GetTick             0x080018bb    0x6  Code  Wk  stm32f1xx_hal.o [1]
HAL_IncTick             0x080018b1    0xa  Code  Wk  stm32f1xx_hal.o [1]
HAL_Init                0x0800186d   0x20  Code  Gb  stm32f1xx_hal.o [1]
HAL_InitTick            0x0800188d   0x24  Code  Wk  stm32f1xx_hal.o [1]
HAL_MspInit             0x08001961   0x60  Code  Gb  stm32f1xx_hal_msp.o [1]
HAL_NVIC_EnableIRQ      0x08001fbf    0xc  Code  Gb  stm32f1xx_hal_cortex.o [1]
HAL_NVIC_SetPriority    0x08001f85   0x3a  Code  Gb  stm32f1xx_hal_cortex.o [1]
HAL_NVIC_SetPriorityGrouping
                        0x08001f6b   0x1a  Code  Gb  stm32f1xx_hal_cortex.o [1]
HAL_PCD_DataInStageCallback
                        0x0800277d    0xe  Code  Gb  usbd_conf.o [1]
HAL_PCD_DataOutStageCallback
                        0x0800276d   0x10  Code  Gb  usbd_conf.o [1]
HAL_PCD_EP_ClrStall     0x08002439   0x1e  Code  Gb  stm32f1xx_hal_pcd.o [1]
HAL_PCD_EP_Open         0x08002331   0x34  Code  Gb  stm32f1xx_hal_pcd.o [1]
HAL_PCD_EP_Receive      0x0800238f   0x20  Code  Gb  stm32f1xx_hal_pcd.o [1]
HAL_PCD_EP_SetStall     0x080023ff   0x32  Code  Gb  stm32f1xx_hal_pcd.o [1]
HAL_PCD_EP_Transmit     0x080023af   0x20  Code  Gb  stm32f1xx_hal_pcd.o [1]
HAL_PCD_IRQHandler      0x080021f1   0xf4  Code  Gb  stm32f1xx_hal_pcd.o [1]
HAL_PCD_ResetCallback   0x08002793   0x1a  Code  Gb  usbd_conf.o [1]
HAL_PCD_ResumeCallback  0x080027c9    0x8  Code  Gb  usbd_conf.o [1]
HAL_PCD_SOFCallback     0x0800278b    0x8  Code  Gb  usbd_conf.o [1]
HAL_PCD_SetAddress      0x0800230d   0x1c  Code  Gb  stm32f1xx_hal_pcd.o [1]
HAL_PCD_SetupStageCallback
                        0x08002761    0xc  Code  Gb  usbd_conf.o [1]
HAL_PCD_SuspendCallback
                        0x080027ad   0x1c  Code  Gb  usbd_conf.o [1]
HAL_RCCEx_PeriphCLKConfig
                        0x080033f5   0xbc  Code  Gb  stm32f1xx_hal_rcc_ex.o [1]
HAL_RCC_ClockConfig     0x08001d6d  0x112  Code  Gb  stm32f1xx_hal_rcc.o [1]
HAL_RCC_GetHCLKFreq     0x08001ee5    0x6  Code  Gb  stm32f1xx_hal_rcc.o [1]
HAL_RCC_GetPCLK1Freq    0x08001eeb   0x10  Code  Gb  stm32f1xx_hal_rcc.o [1]
HAL_RCC_GetPCLK2Freq    0x08001efb    0xe  Code  Gb  stm32f1xx_hal_rcc.o [1]
HAL_RCC_GetSysClockFreq
                        0x08001e93   0x52  Code  Gb  stm32f1xx_hal_rcc.o [1]
HAL_RCC_OscConfig       0x08001aad  0x2ae  Code  Gb  stm32f1xx_hal_rcc.o [1]
HAL_SYSTICK_CLKSourceConfig
                        0x08001ffb   0x14  Code  Gb  stm32f1xx_hal_cortex.o [1]
HAL_SYSTICK_Callback    0x08002031    0x2  Code  Wk  stm32f1xx_hal_cortex.o [1]
HAL_SYSTICK_Config      0x08001fd3   0x28  Code  Gb  stm32f1xx_hal_cortex.o [1]
HAL_SYSTICK_IRQHandler  0x08002029    0x8  Code  Gb  stm32f1xx_hal_cortex.o [1]
HAL_UART_ErrorCallback  0x080016d1    0x2  Code  Wk  stm32f1xx_hal_uart.o [1]
HAL_UART_IRQHandler     0x080015c9  0x108  Code  Gb  stm32f1xx_hal_uart.o [1]
HAL_UART_Init           0x080014a1   0x26  Code  Gb  stm32f1xx_hal_uart.o [1]
HAL_UART_MspInit        0x080019c1   0x7e  Code  Gb  stm32f1xx_hal_msp.o [1]
HAL_UART_Receive_IT     0x08001561   0x62  Code  Gb  stm32f1xx_hal_uart.o [1]
HAL_UART_RxCpltCallback
                        0x08001a8d   0x18  Code  Gb  stm32f103xC_GPS_project_callbaks.o [1]
HAL_UART_Transmit_IT    0x08001513   0x4e  Code  Gb  stm32f1xx_hal_uart.o [1]
HAL_UART_TxCpltCallback
                        0x08001a75   0x18  Code  Gb  stm32f103xC_GPS_project_callbaks.o [1]
HEAP$$Base              0x20000478          --   Gb  - Linker created -
HEAP$$Limit             0x20000678          --   Gb  - Linker created -
LoadInt                 0x0800051d   0x4c  Code  Lc  xprintfsmall.o [3]
MAC_Decr_Delay          0x0800333f   0x1c  Code  Gb  machine.o [1]
MAC_Routine             0x0800335b   0x88  Code  Gb  machine.o [1]
MAC_init                0x08003311   0x2e  Code  Gb  machine.o [1]
MinDelay                0x200018b4    0x2  Data  Gb  machine.o [1]
NVIC_SetPriority        0x08001f51   0x1a  Code  Lc  stm32f1xx_hal_cortex.o [1]
PCD_EP_ISR_Handler      0x08002473  0x294  Code  Lc  stm32f1xx_hal_pcd.o [1]
PendSV_Handler          0x0800354f    0x2  Code  Gb  stm32f1xx_it.o [1]
Region$$Table$$Base     0x080036bc          --   Gb  - Linker created -
Region$$Table$$Limit    0x080036dc          --   Gb  - Linker created -
SVC_Handler             0x0800354d    0x2  Code  Gb  stm32f1xx_it.o [1]
SendPosSMS              0x08001089   0x48  Code  Gb  GSM.o [1]
SysTick_Handler         0x08003551   0x20  Code  Gb  stm32f1xx_it.o [1]
SystemClock_Config      0x080034bd   0x8e  Code  Gb  stm32f103xC_GPS_project_configs.o [1]
SystemCoreClock         0x20000000    0x4  Data  Gb  system_stm32f1xx.o [1]
SystemInit              0x080035c1   0x3a  Code  Gb  system_stm32f1xx.o [1]
UART_Receive_IT         0x080016e3   0xa0  Code  Lc  stm32f1xx_hal_uart.o [1]
UART_SetConfig          0x08001783   0xdc  Code  Lc  stm32f1xx_hal_uart.o [1]
USART2_IRQHandler       0x0800358f   0x1a  Code  Gb  stm32f1xx_it.o [1]
USART3_IRQHandler       0x08003577   0x18  Code  Gb  stm32f1xx_it.o [1]
USBD_ClrClassConfig     0x08002d75    0xa  Code  Gb  usbd_core.o [1]
USBD_CtlContinueRx      0x080032e5    0x2  Code  Gb  usbd_ioreq.o [1]
USBD_CtlContinueSendData
                        0x080032d5    0x2  Code  Gb  usbd_ioreq.o [1]
USBD_CtlError           0x080032ad   0x16  Code  Gb  usbd_ctlreq.o [1]
USBD_CtlReceiveStatus   0x08003303    0xe  Code  Gb  usbd_ioreq.o [1]
USBD_CtlSendData        0x080032c3   0x12  Code  Gb  usbd_ioreq.o [1]
USBD_CtlSendStatus      0x080032f5    0xe  Code  Gb  usbd_ioreq.o [1]
USBD_GetDescriptor      0x08003191   0xee  Code  Lc  usbd_ctlreq.o [1]
USBD_LL_ClearStallEP    0x0800280b   0x1a  Code  Gb  usbd_conf.o [1]
USBD_LL_DataInStage     0x08002e39   0x9c  Code  Gb  usbd_core.o [1]
USBD_LL_DataOutStage    0x08002dd5   0x64  Code  Gb  usbd_core.o [1]
USBD_LL_IsStallEP       0x08002825   0x1a  Code  Gb  usbd_conf.o [1]
USBD_LL_OpenEP          0x080027d1   0x20  Code  Gb  usbd_conf.o [1]
USBD_LL_PrepareReceive  0x08002873   0x1a  Code  Gb  usbd_conf.o [1]
USBD_LL_Reset           0x08002ed5   0x42  Code  Gb  usbd_core.o [1]
USBD_LL_Resume          0x08002f29    0x6  Code  Gb  usbd_core.o [1]
USBD_LL_SOF             0x08002f35   0x1a  Code  Gb  usbd_core.o [1]
USBD_LL_SetSpeed        0x08002f17    0x6  Code  Gb  usbd_core.o [1]
USBD_LL_SetUSBAddress   0x0800283f   0x1a  Code  Gb  usbd_conf.o [1]
USBD_LL_SetupStage      0x08002d7f   0x56  Code  Gb  usbd_core.o [1]
USBD_LL_StallEP         0x080027f1   0x1a  Code  Gb  usbd_conf.o [1]
USBD_LL_Suspend         0x08002f1d    0xc  Code  Gb  usbd_core.o [1]
USBD_LL_Transmit        0x08002859   0x1a  Code  Gb  usbd_conf.o [1]
USBD_ParseSetupRequest  0x08003285   0x28  Code  Gb  usbd_ctlreq.o [1]
USBD_SetClassConfig     0x08002d5f   0x16  Code  Gb  usbd_core.o [1]
USBD_StdDevReq          0x08002f55  0x138  Code  Gb  usbd_ctlreq.o [1]
USBD_StdEPReq           0x080030c3   0xc2  Code  Gb  usbd_ctlreq.o [1]
USBD_StdItfReq          0x08003091   0x32  Code  Gb  usbd_ctlreq.o [1]
USB_ActivateEndpoint    0x08002891  0x234  Code  Gb  stm32f1xx_ll_usb.o [1]
USB_EP0_OutStart        0x08002d1b    0x4  Code  Gb  stm32f1xx_ll_usb.o [1]
USB_EPClearStall        0x08002ca7   0x62  Code  Gb  stm32f1xx_ll_usb.o [1]
USB_EPSetStall          0x08002c5d   0x4a  Code  Gb  stm32f1xx_ll_usb.o [1]
USB_EPStartXfer         0x08002aef  0x134  Code  Gb  stm32f1xx_ll_usb.o [1]
USB_LP_CAN1_RX0_IRQHandler
                        0x08003571    0x6  Code  Gb  stm32f1xx_it.o [1]
USB_ReadInterrupts      0x08002d15    0x6  Code  Gb  stm32f1xx_ll_usb.o [1]
USB_ReadPMA             0x08002d43   0x1c  Code  Gb  stm32f1xx_ll_usb.o [1]
USB_SetDevAddress       0x08002d09    0xc  Code  Gb  stm32f1xx_ll_usb.o [1]
USB_WritePMA            0x08002d1f   0x24  Code  Gb  stm32f1xx_ll_usb.o [1]
_EncodingSb_Mbtowc      0x08000b7f   0x30  Code  Gb  xencoding_sb.o [3]
_EncodingSb_Wctomb      0x08000b65   0x1a  Code  Gb  xencoding_sb.o [3]
_IsdstStr               0x20000008    0x4  Data  Gb  setlocale.o [3]
_LitobSmall             0x0800079b   0xce  Code  Lc  xprintfsmall.o [3]
_LocaleEncoding         0x08000b51    0xe  Code  Gb  setlocale.o [3]
_LocaleReturnString     0x20000028   0x50  Data  Lc  setlocale.o [3]
_Locale_Profile         0x2000000c   0x1c  Data  Gb  setlocale.o [3]
_Mbtowc                 0x080008b1   0x20  Code  Gb  xmbtowc.o [3]
_PrintfSmall            0x080000ed  0x430  Code  Gb  xprintfsmall.o [3]
_PutcharsSmall          0x08000869   0x2e  Code  Lc  xprintfsmall.o [3]
_PutstrSmall            0x08000569  0x228  Code  Lc  xprintfsmall.o [3]
_SProut                 0x080008e7    0xa  Code  Gb  xsprout.o [3]
_TzoneStr               0x20000004    0x4  Data  Gb  setlocale.o [3]
_Wctomb                 0x08000a3d   0x1a  Code  Gb  xwctomb.o [3]
__aeabi_memclr          0x08001959         Code  Gb  ABImemclr.o [5]
__cmain                 0x080036f9         Code  Gb  cmain.o [5]
__data_Aldata           0x200018a4    0x8  Data  Gb  xxmemxmalloc.o [3]
__data_GetMemChunk      0x08000bc5   0x2c  Code  Gb  xgetmemchunk.o [3]
__exit                  0x08003729   0x14  Code  Gb  exit.o [6]
__iar_Mbcurmax          0x08000981    0xa  Code  Gb  xmbcurmax.o [3]
__iar_Memchr            0x08000929         Code  Gb  memchr.o [5]
__iar_Memset_word       0x08002035         Code  Gb  ABImemset.o [5]
__iar_Strchr            0x080008d1         Code  Gb  strchr.o [5]
__iar_Strstr            0x080021c5   0x2c  Code  Gb  strstr.o [3]
__iar_data_init3        0x08003695   0x28  Code  Gb  data_init.o [5]
__iar_dlib_perthread_access
                        0x08000bf1    0x2  Code  Gb  xtls.o [3]
__iar_packbits_init_single3
                        0x0800365d   0x38  Code  Gb  packbits_init_single.o [5]
__iar_program_start     0x0800374d         Code  Gb  cstartup_M.o [5]
__iar_unaligned___aeabi_memcpy
                        0x08000a59         Code  Gb  ABImemcpy_unaligned.o [5]
__iar_unaligned___aeabi_memcpy4
                        0x08000a79         Code  Gb  ABImemcpy_unaligned.o [5]
__iar_unaligned___aeabi_memcpy8
                        0x08000a79         Code  Gb  ABImemcpy_unaligned.o [5]
__iar_unaligned_strcmp  0x08001915         Code  Gb  strcmp_unaligned.o [5]
__iar_zero_init3        0x0800361d   0x40  Code  Gb  zero_init3.o [5]
__low_level_init        0x08003713    0x4  Code  Gb  low_level_init.o [3]
__vector_table          0x08000000         Data  Gb  startup_stm32f103xb.o [1]
_call_main              0x08003705         Code  Gb  cmain.o [5]
_exit                   0x0800371d         Code  Gb  cexit.o [5]
_main                   0x0800370f         Code  Gb  cmain.o [5]
buffer_GPS_Rx           0x20000678  0xbb8  Data  Gb  main.o [1]
buffer_GSM_Rx           0x20001720   0xc8  Data  Gb  main.o [1]
exit                    0x08003717    0x4  Code  Gb  exit.o [3]
free                    0x08000ad1   0x7a  Code  Gb  xxmemxfree.o [3]
getImei                 0x08000de1   0x52  Code  Gb  GSM.o [1]
hpcd_USB_FS             0x20001230  0x420  Data  Gb  usbd_conf.o [1]
machine                 0x20001650   0xd0  Data  Gb  main.o [1]
main                    0x080036dd   0x1c  Code  Gb  main.o [1]
malloc                  0x0800098d   0xac  Code  Gb  xxmemxmalloc.o [3]
memchr                  0x08000929         Code  Gb  memchr.o [5]
msg                     0x20001868   0x3c  Data  Gb  main.o [1]
sendAtchar              0x08000f35    0xe  Code  Gb  GSM.o [1]
sendAtcmd               0x08000ee3   0x52  Code  Gb  GSM.o [1]
sprintf                 0x080018e1   0x34  Code  Gb  sprintf.o [3]
strchr                  0x080008d1         Code  Gb  strchr.o [5]
strlen                  0x080008f1         Code  Gb  strlen.o [5]
uwTick                  0x200018ac    0x4  Data  Lc  stm32f1xx_hal.o [1]


[1] = C:\Users\Hamza\Desktop\STM32Cube_FW_F1_V1.4.0\Projects\STM32F103RB-Nucleo\GPS\EWARM\STM32F103RB_Nucleo\Obj
[2] = command line
[3] = dl7M_tlf.a
[4] = m7M_tl.a
[5] = rt7M_tl.a
[6] = shb_l.a

  14 320 bytes of readonly  code memory
      47 bytes of readonly  data memory
   6 327 bytes of readwrite data memory

Errors: none
Warnings: none
